2025.05.29 05:34:13 INFO  es[][o.e.n.Node] version[7.17.15], pid[26], build[default/tar/0b8ecfb4378335f4689c4223d1f1115f16bef3ba/2023-11-10T22:03:46.987399016Z], OS[Linux/6.6.87.1-microsoft-standard-WSL2/amd64], JVM[Eclipse Adoptium/OpenJDK 64-Bit Server VM/17.0.15/17.0.15+6]
2025.05.29 05:34:13 INFO  es[][o.e.n.Node] JVM home [/opt/java/openjdk]
2025.05.29 05:34:13 INFO  es[][o.e.n.Node] JVM arguments [-XX:+UseG1GC, -Djava.io.tmpdir=/opt/sonarqube/temp, -XX:ErrorFile=/opt/sonarqube/logs/es_hs_err_pid%p.log, -Des.networkaddress.cache.ttl=60, -Des.networkaddress.cache.negative.ttl=10, -XX:+AlwaysPreTouch, -Xss1m, -Djava.awt.headless=true, -Dfile.encoding=UTF-8, -Djna.nosys=true, -Djna.tmpdir=/opt/sonarqube/temp, -XX:-OmitStackTraceInFastThrow, -Dio.netty.noUnsafe=true, -Dio.netty.noKeySetOptimization=true, -Dio.netty.recycler.maxCapacityPerThread=0, -Dio.netty.allocator.numDirectArenas=0, -Dlog4j.shutdownHookEnabled=false, -Dlog4j2.disable.jmx=true, -Dlog4j2.formatMsgNoLookups=true, -Djava.locale.providers=COMPAT, -Dcom.redhat.fips=false, -Xmx512m, -Xms512m, -XX:MaxDirectMemorySize=256m, -XX:+HeapDumpOnOutOfMemoryError, -Des.path.home=/opt/sonarqube/elasticsearch, -Des.path.conf=/opt/sonarqube/temp/conf/es, -Des.distribution.flavor=default, -Des.distribution.type=tar, -Des.bundled_jdk=false]
2025.05.29 05:34:13 INFO  es[][o.e.p.PluginsService] loaded module [analysis-common]
2025.05.29 05:34:13 INFO  es[][o.e.p.PluginsService] loaded module [lang-painless]
2025.05.29 05:34:13 INFO  es[][o.e.p.PluginsService] loaded module [parent-join]
2025.05.29 05:34:13 INFO  es[][o.e.p.PluginsService] loaded module [reindex]
2025.05.29 05:34:13 INFO  es[][o.e.p.PluginsService] loaded module [transport-netty4]
2025.05.29 05:34:13 INFO  es[][o.e.p.PluginsService] no plugins loaded
2025.05.29 05:34:13 INFO  es[][o.e.e.NodeEnvironment] using [1] data paths, mounts [[/opt/sonarqube/data (/dev/sdc)]], net usable_space [193.9gb], net total_space [250.9gb], types [ext4]
2025.05.29 05:34:13 INFO  es[][o.e.e.NodeEnvironment] heap size [512mb], compressed ordinary object pointers [true]
2025.05.29 05:34:13 INFO  es[][o.e.n.Node] node name [sonarqube], node ID [B5N7FHSqR_qP2Bz2HbtFhQ], cluster name [sonarqube], roles [data_frozen, master, remote_cluster_client, data, data_content, data_hot, data_warm, data_cold, ingest]
2025.05.29 05:34:15 INFO  es[][o.e.t.NettyAllocator] creating NettyAllocator with the following configs: [name=unpooled, suggested_max_allocation_size=256kb, factors={es.unsafe.use_unpooled_allocator=null, g1gc_enabled=true, g1gc_region_size=1mb, heap_size=512mb}]
2025.05.29 05:34:15 INFO  es[][o.e.i.r.RecoverySettings] using rate limit [40mb] with [default=40mb, read=0b, write=0b, max=0b]
2025.05.29 05:34:15 INFO  es[][o.e.d.DiscoveryModule] using discovery type [zen] and seed hosts providers [settings]
2025.05.29 05:34:16 INFO  es[][o.e.g.DanglingIndicesState] gateway.auto_import_dangling_indices is disabled, dangling indices will not be automatically detected or imported and must be managed manually
2025.05.29 05:34:16 INFO  es[][o.e.n.Node] initialized
2025.05.29 05:34:16 INFO  es[][o.e.n.Node] starting ...
2025.05.29 05:34:16 INFO  es[][o.e.t.TransportService] publish_address {127.0.0.1:45495}, bound_addresses {127.0.0.1:45495}
2025.05.29 05:34:16 INFO  es[][o.e.c.c.Coordinator] setting initial configuration to VotingConfiguration{B5N7FHSqR_qP2Bz2HbtFhQ}
2025.05.29 05:34:16 INFO  es[][o.e.c.s.MasterService] elected-as-master ([1] nodes joined)[{sonarqube}{B5N7FHSqR_qP2Bz2HbtFhQ}{bkVKdigjR2Gmpvyb0SaOQw}{127.0.0.1}{127.0.0.1:45495}{cdfhimrsw} elect leader, _BECOME_MASTER_TASK_, _FINISH_ELECTION_], term: 1, version: 1, delta: master node changed {previous [], current [{sonarqube}{B5N7FHSqR_qP2Bz2HbtFhQ}{bkVKdigjR2Gmpvyb0SaOQw}{127.0.0.1}{127.0.0.1:45495}{cdfhimrsw}]}
2025.05.29 05:34:16 INFO  es[][o.e.c.c.CoordinationState] cluster UUID set to [na8L9rMERtCu7wIfCO8hNw]
2025.05.29 05:34:16 INFO  es[][o.e.c.s.ClusterApplierService] master node changed {previous [], current [{sonarqube}{B5N7FHSqR_qP2Bz2HbtFhQ}{bkVKdigjR2Gmpvyb0SaOQw}{127.0.0.1}{127.0.0.1:45495}{cdfhimrsw}]}, term: 1, version: 1, reason: Publication{term=1, version=1}
2025.05.29 05:34:16 INFO  es[][o.e.h.AbstractHttpServerTransport] publish_address {127.0.0.1:9001}, bound_addresses {127.0.0.1:9001}
2025.05.29 05:34:16 INFO  es[][o.e.n.Node] started
2025.05.29 05:34:16 INFO  es[][o.e.g.GatewayService] recovered [0] indices into cluster_state
2025.05.29 05:34:21 INFO  es[][o.e.c.m.MetadataCreateIndexService] [metadatas] creating index, cause [api], templates [], shards [1]/[0]
2025.05.29 05:34:21 INFO  es[][o.e.c.r.a.AllocationService] Cluster health status changed from [YELLOW] to [GREEN] (reason: [shards started [[metadatas][0]]]).
2025.05.29 05:34:21 INFO  es[][o.e.c.m.MetadataMappingService] [metadatas/PhFQiwgoQC6J1Y9oUy2a_Q] create_mapping [metadata]
2025.05.29 05:34:21 INFO  es[][o.e.c.m.MetadataCreateIndexService] [components] creating index, cause [api], templates [], shards [5]/[0]
2025.05.29 05:34:22 INFO  es[][o.e.c.r.a.AllocationService] Cluster health status changed from [YELLOW] to [GREEN] (reason: [shards started [[components][4]]]).
2025.05.29 05:34:22 INFO  es[][o.e.c.m.MetadataMappingService] [components/YTBXoBBtRladDzOGsmxbSA] create_mapping [auth]
2025.05.29 05:34:22 INFO  es[][o.e.c.m.MetadataCreateIndexService] [projectmeasures] creating index, cause [api], templates [], shards [5]/[0]
2025.05.29 05:34:22 INFO  es[][o.e.c.r.a.AllocationService] Cluster health status changed from [YELLOW] to [GREEN] (reason: [shards started [[projectmeasures][4]]]).
2025.05.29 05:34:22 INFO  es[][o.e.c.m.MetadataMappingService] [projectmeasures/nKlG3HhqSGuDPSMZRBCEIg] create_mapping [auth]
2025.05.29 05:34:22 INFO  es[][o.e.c.m.MetadataCreateIndexService] [rules] creating index, cause [api], templates [], shards [2]/[0]
2025.05.29 05:34:22 INFO  es[][o.e.c.r.a.AllocationService] Cluster health status changed from [YELLOW] to [GREEN] (reason: [shards started [[rules][0]]]).
2025.05.29 05:34:22 INFO  es[][o.e.c.m.MetadataMappingService] [rules/AkiDQMVpRwWUi9KDQEE_2w] create_mapping [rule]
2025.05.29 05:34:22 INFO  es[][o.e.c.m.MetadataCreateIndexService] [issues] creating index, cause [api], templates [], shards [5]/[0]
2025.05.29 05:34:23 INFO  es[][o.e.c.r.a.AllocationService] Cluster health status changed from [YELLOW] to [GREEN] (reason: [shards started [[issues][4]]]).
2025.05.29 05:34:23 INFO  es[][o.e.c.m.MetadataMappingService] [issues/gE6l6SmdTSOCYbCEQ9RBlw] create_mapping [auth]
2025.05.29 05:34:23 INFO  es[][o.e.c.m.MetadataCreateIndexService] [users] creating index, cause [api], templates [], shards [1]/[0]
2025.05.29 05:34:23 INFO  es[][o.e.c.r.a.AllocationService] Cluster health status changed from [YELLOW] to [GREEN] (reason: [shards started [[users][0]]]).
2025.05.29 05:34:23 INFO  es[][o.e.c.m.MetadataMappingService] [users/t1R_8ufjSZm7lPleIQsbCA] create_mapping [user]
2025.05.29 05:34:23 INFO  es[][o.e.c.m.MetadataCreateIndexService] [views] creating index, cause [api], templates [], shards [5]/[0]
2025.05.29 05:34:23 INFO  es[][o.e.c.r.a.AllocationService] Cluster health status changed from [YELLOW] to [GREEN] (reason: [shards started [[views][4]]]).
2025.05.29 05:34:23 INFO  es[][o.e.c.m.MetadataMappingService] [views/T8XMkKnSQyG51lgF1AsXbg] create_mapping [view]
2025.05.29 05:35:00 INFO  es[][o.e.c.s.IndexScopedSettings] updating [index.refresh_interval] from [30s] to [-1]
2025.05.29 05:35:00 INFO  es[][o.e.c.s.IndexScopedSettings] updating [index.refresh_interval] from [30s] to [-1]
2025.05.29 05:35:00 INFO  es[][o.e.c.s.IndexScopedSettings] updating [index.refresh_interval] from [-1] to [30s]
2025.05.29 05:35:00 INFO  es[][o.e.c.s.IndexScopedSettings] updating [index.refresh_interval] from [-1] to [30s]
2025.05.29 05:35:01 INFO  es[][o.e.c.s.IndexScopedSettings] updating [index.refresh_interval] from [30s] to [-1]
2025.05.29 05:35:01 INFO  es[][o.e.c.s.IndexScopedSettings] updating [index.refresh_interval] from [30s] to [-1]
2025.05.29 05:35:01 INFO  es[][o.e.c.s.IndexScopedSettings] updating [index.refresh_interval] from [-1] to [30s]
2025.05.29 05:35:01 INFO  es[][o.e.c.s.IndexScopedSettings] updating [index.refresh_interval] from [-1] to [30s]
2025.05.29 05:38:04 WARN  es[][o.e.t.ThreadPool] absolute clock went backwards by [363ms/363ms] while timer thread was sleeping
2025.05.29 08:12:04 WARN  es[][o.e.t.ThreadPool] absolute clock went backwards by [878ms/878ms] while timer thread was sleeping
2025.05.29 09:08:09 WARN  es[][o.e.t.ThreadPool] absolute clock went backwards by [868ms/868ms] while timer thread was sleeping
2025.05.29 10:01:11 INFO  es[][o.e.m.j.JvmGcMonitorService] [gc][14964] overhead, spent [256ms] collecting in the last [1s]
2025.05.29 11:31:28 WARN  es[][o.e.t.ThreadPool] absolute clock went backwards by [486ms/486ms] while timer thread was sleeping
2025.05.29 14:54:18 WARN  es[][o.e.t.ThreadPool] timer thread slept for [1.2h/4357560ms] on absolute clock which is above the warn threshold of [5000ms]
