2025.06.11 04:40:02 INFO  es[][o.e.n.Node] version[7.17.15], pid[27], build[default/tar/0b8ecfb4378335f4689c4223d1f1115f16bef3ba/2023-11-10T22:03:46.987399016Z], OS[Linux/6.6.87.1-microsoft-standard-WSL2/amd64], JVM[Eclipse Adoptium/OpenJDK 64-Bit Server VM/17.0.15/17.0.15+6]
2025.06.11 04:40:02 INFO  es[][o.e.n.Node] JVM home [/opt/java/openjdk]
2025.06.11 04:40:02 INFO  es[][o.e.n.Node] JVM arguments [-XX:+UseG1GC, -Djava.io.tmpdir=/opt/sonarqube/temp, -XX:ErrorFile=/opt/sonarqube/logs/es_hs_err_pid%p.log, -Des.networkaddress.cache.ttl=60, -Des.networkaddress.cache.negative.ttl=10, -XX:+AlwaysPreTouch, -Xss1m, -Djava.awt.headless=true, -Dfile.encoding=UTF-8, -Djna.nosys=true, -Djna.tmpdir=/opt/sonarqube/temp, -XX:-OmitStackTraceInFastThrow, -Dio.netty.noUnsafe=true, -Dio.netty.noKeySetOptimization=true, -Dio.netty.recycler.maxCapacityPerThread=0, -Dio.netty.allocator.numDirectArenas=0, -Dlog4j.shutdownHookEnabled=false, -Dlog4j2.disable.jmx=true, -Dlog4j2.formatMsgNoLookups=true, -Djava.locale.providers=COMPAT, -Dcom.redhat.fips=false, -Xmx512m, -Xms512m, -XX:MaxDirectMemorySize=256m, -XX:+HeapDumpOnOutOfMemoryError, -Des.path.home=/opt/sonarqube/elasticsearch, -Des.path.conf=/opt/sonarqube/temp/conf/es, -Des.distribution.flavor=default, -Des.distribution.type=tar, -Des.bundled_jdk=false]
2025.06.11 04:40:03 INFO  es[][o.e.p.PluginsService] loaded module [analysis-common]
2025.06.11 04:40:03 INFO  es[][o.e.p.PluginsService] loaded module [lang-painless]
2025.06.11 04:40:03 INFO  es[][o.e.p.PluginsService] loaded module [parent-join]
2025.06.11 04:40:03 INFO  es[][o.e.p.PluginsService] loaded module [reindex]
2025.06.11 04:40:03 INFO  es[][o.e.p.PluginsService] loaded module [transport-netty4]
2025.06.11 04:40:03 INFO  es[][o.e.p.PluginsService] no plugins loaded
2025.06.11 04:40:03 INFO  es[][o.e.e.NodeEnvironment] using [1] data paths, mounts [[/opt/sonarqube/data (/dev/sdc)]], net usable_space [186.5gb], net total_space [250.9gb], types [ext4]
2025.06.11 04:40:03 INFO  es[][o.e.e.NodeEnvironment] heap size [512mb], compressed ordinary object pointers [true]
2025.06.11 04:40:04 INFO  es[][o.e.n.Node] node name [sonarqube], node ID [B5N7FHSqR_qP2Bz2HbtFhQ], cluster name [sonarqube], roles [data_frozen, master, remote_cluster_client, data, data_content, data_hot, data_warm, data_cold, ingest]
2025.06.11 04:40:12 INFO  es[][o.e.t.NettyAllocator] creating NettyAllocator with the following configs: [name=unpooled, suggested_max_allocation_size=256kb, factors={es.unsafe.use_unpooled_allocator=null, g1gc_enabled=true, g1gc_region_size=1mb, heap_size=512mb}]
2025.06.11 04:40:12 INFO  es[][o.e.i.r.RecoverySettings] using rate limit [40mb] with [default=40mb, read=0b, write=0b, max=0b]
2025.06.11 04:40:12 INFO  es[][o.e.d.DiscoveryModule] using discovery type [zen] and seed hosts providers [settings]
2025.06.11 04:40:13 INFO  es[][o.e.g.DanglingIndicesState] gateway.auto_import_dangling_indices is disabled, dangling indices will not be automatically detected or imported and must be managed manually
2025.06.11 04:40:13 INFO  es[][o.e.n.Node] initialized
2025.06.11 04:40:13 INFO  es[][o.e.n.Node] starting ...
2025.06.11 04:40:14 INFO  es[][o.e.t.TransportService] publish_address {127.0.0.1:38969}, bound_addresses {127.0.0.1:38969}
2025.06.11 04:40:14 INFO  es[][o.e.c.c.Coordinator] cluster UUID [na8L9rMERtCu7wIfCO8hNw]
2025.06.11 04:40:15 INFO  es[][o.e.c.s.MasterService] elected-as-master ([1] nodes joined)[{sonarqube}{B5N7FHSqR_qP2Bz2HbtFhQ}{CTZh04TPQYu3n6w651L_kQ}{127.0.0.1}{127.0.0.1:38969}{cdfhimrsw} elect leader, _BECOME_MASTER_TASK_, _FINISH_ELECTION_], term: 4, version: 83, delta: master node changed {previous [], current [{sonarqube}{B5N7FHSqR_qP2Bz2HbtFhQ}{CTZh04TPQYu3n6w651L_kQ}{127.0.0.1}{127.0.0.1:38969}{cdfhimrsw}]}
2025.06.11 04:40:15 INFO  es[][o.e.c.s.ClusterApplierService] master node changed {previous [], current [{sonarqube}{B5N7FHSqR_qP2Bz2HbtFhQ}{CTZh04TPQYu3n6w651L_kQ}{127.0.0.1}{127.0.0.1:38969}{cdfhimrsw}]}, term: 4, version: 83, reason: Publication{term=4, version=83}
2025.06.11 04:40:15 INFO  es[][o.e.h.AbstractHttpServerTransport] publish_address {127.0.0.1:9001}, bound_addresses {127.0.0.1:9001}
2025.06.11 04:40:15 INFO  es[][o.e.n.Node] started
2025.06.11 04:40:15 INFO  es[][o.e.g.GatewayService] recovered [7] indices into cluster_state
2025.06.11 04:40:19 INFO  es[][o.e.c.r.a.AllocationService] Cluster health status changed from [RED] to [GREEN] (reason: [shards started [[metadatas][0]]]).
2025.06.11 04:40:49 WARN  es[][o.e.t.ThreadPool] absolute clock went backwards by [425ms/425ms] while timer thread was sleeping
2025.06.11 04:41:21 WARN  es[][o.e.t.ThreadPool] absolute clock went backwards by [227ms/227ms] while timer thread was sleeping
2025.06.11 04:41:52 WARN  es[][o.e.t.ThreadPool] absolute clock went backwards by [574ms/574ms] while timer thread was sleeping
2025.06.11 04:42:24 WARN  es[][o.e.t.ThreadPool] absolute clock went backwards by [395ms/395ms] while timer thread was sleeping
2025.06.11 04:42:56 WARN  es[][o.e.t.ThreadPool] absolute clock went backwards by [471ms/471ms] while timer thread was sleeping
2025.06.11 04:43:27 WARN  es[][o.e.t.ThreadPool] absolute clock went backwards by [562ms/562ms] while timer thread was sleeping
2025.06.11 04:43:59 WARN  es[][o.e.t.ThreadPool] absolute clock went backwards by [573ms/573ms] while timer thread was sleeping
2025.06.11 04:44:30 WARN  es[][o.e.t.ThreadPool] absolute clock went backwards by [576ms/576ms] while timer thread was sleeping
2025.06.11 04:45:02 WARN  es[][o.e.t.ThreadPool] absolute clock went backwards by [533ms/533ms] while timer thread was sleeping
2025.06.11 04:45:33 WARN  es[][o.e.t.ThreadPool] absolute clock went backwards by [557ms/557ms] while timer thread was sleeping
2025.06.11 04:46:05 WARN  es[][o.e.t.ThreadPool] absolute clock went backwards by [586ms/586ms] while timer thread was sleeping
2025.06.11 04:46:36 WARN  es[][o.e.t.ThreadPool] absolute clock went backwards by [547ms/547ms] while timer thread was sleeping
2025.06.11 04:47:08 WARN  es[][o.e.t.ThreadPool] absolute clock went backwards by [545ms/545ms] while timer thread was sleeping
2025.06.11 04:47:39 WARN  es[][o.e.t.ThreadPool] absolute clock went backwards by [544ms/544ms] while timer thread was sleeping
2025.06.11 04:48:10 WARN  es[][o.e.t.ThreadPool] absolute clock went backwards by [550ms/550ms] while timer thread was sleeping
2025.06.11 04:48:42 WARN  es[][o.e.t.ThreadPool] absolute clock went backwards by [545ms/545ms] while timer thread was sleeping
2025.06.11 04:49:14 WARN  es[][o.e.t.ThreadPool] absolute clock went backwards by [554ms/554ms] while timer thread was sleeping
2025.06.11 04:49:45 WARN  es[][o.e.t.ThreadPool] absolute clock went backwards by [537ms/537ms] while timer thread was sleeping
2025.06.11 04:50:17 WARN  es[][o.e.t.ThreadPool] absolute clock went backwards by [552ms/552ms] while timer thread was sleeping
2025.06.11 04:50:48 WARN  es[][o.e.t.ThreadPool] absolute clock went backwards by [572ms/572ms] while timer thread was sleeping
2025.06.11 04:51:20 WARN  es[][o.e.t.ThreadPool] absolute clock went backwards by [589ms/589ms] while timer thread was sleeping
2025.06.11 04:51:51 WARN  es[][o.e.t.ThreadPool] absolute clock went backwards by [762ms/762ms] while timer thread was sleeping
2025.06.11 04:52:22 WARN  es[][o.e.t.ThreadPool] absolute clock went backwards by [639ms/639ms] while timer thread was sleeping
2025.06.11 04:52:54 WARN  es[][o.e.t.ThreadPool] absolute clock went backwards by [678ms/678ms] while timer thread was sleeping
2025.06.11 04:53:25 WARN  es[][o.e.t.ThreadPool] absolute clock went backwards by [577ms/577ms] while timer thread was sleeping
2025.06.11 04:53:57 WARN  es[][o.e.t.ThreadPool] absolute clock went backwards by [575ms/575ms] while timer thread was sleeping
2025.06.11 04:54:28 WARN  es[][o.e.t.ThreadPool] absolute clock went backwards by [651ms/651ms] while timer thread was sleeping
2025.06.11 04:54:59 WARN  es[][o.e.t.ThreadPool] absolute clock went backwards by [722ms/722ms] while timer thread was sleeping
2025.06.11 04:55:31 WARN  es[][o.e.t.ThreadPool] absolute clock went backwards by [628ms/628ms] while timer thread was sleeping
2025.06.11 04:56:02 WARN  es[][o.e.t.ThreadPool] absolute clock went backwards by [638ms/638ms] while timer thread was sleeping
2025.06.11 04:56:33 WARN  es[][o.e.t.ThreadPool] absolute clock went backwards by [634ms/634ms] while timer thread was sleeping
2025.06.11 04:57:05 WARN  es[][o.e.t.ThreadPool] absolute clock went backwards by [694ms/694ms] while timer thread was sleeping
2025.06.11 04:57:36 WARN  es[][o.e.t.ThreadPool] absolute clock went backwards by [733ms/733ms] while timer thread was sleeping
2025.06.11 04:58:07 WARN  es[][o.e.t.ThreadPool] absolute clock went backwards by [759ms/759ms] while timer thread was sleeping
2025.06.11 04:58:39 WARN  es[][o.e.t.ThreadPool] absolute clock went backwards by [733ms/733ms] while timer thread was sleeping
2025.06.11 04:59:10 WARN  es[][o.e.t.ThreadPool] absolute clock went backwards by [652ms/652ms] while timer thread was sleeping
2025.06.11 04:59:42 WARN  es[][o.e.t.ThreadPool] absolute clock went backwards by [656ms/656ms] while timer thread was sleeping
2025.06.11 05:00:13 WARN  es[][o.e.t.ThreadPool] absolute clock went backwards by [664ms/664ms] while timer thread was sleeping
2025.06.11 05:00:44 WARN  es[][o.e.t.ThreadPool] absolute clock went backwards by [657ms/657ms] while timer thread was sleeping
2025.06.11 05:01:16 WARN  es[][o.e.t.ThreadPool] absolute clock went backwards by [704ms/704ms] while timer thread was sleeping
2025.06.11 05:01:47 WARN  es[][o.e.t.ThreadPool] absolute clock went backwards by [813ms/813ms] while timer thread was sleeping
2025.06.11 05:02:18 WARN  es[][o.e.t.ThreadPool] absolute clock went backwards by [694ms/694ms] while timer thread was sleeping
2025.06.11 05:02:49 WARN  es[][o.e.t.ThreadPool] absolute clock went backwards by [736ms/736ms] while timer thread was sleeping
2025.06.11 05:03:21 WARN  es[][o.e.t.ThreadPool] absolute clock went backwards by [735ms/735ms] while timer thread was sleeping
2025.06.11 05:03:52 WARN  es[][o.e.t.ThreadPool] absolute clock went backwards by [800ms/800ms] while timer thread was sleeping
2025.06.11 05:04:23 WARN  es[][o.e.t.ThreadPool] absolute clock went backwards by [757ms/757ms] while timer thread was sleeping
2025.06.11 05:04:55 WARN  es[][o.e.t.ThreadPool] absolute clock went backwards by [693ms/693ms] while timer thread was sleeping
2025.06.11 05:05:26 WARN  es[][o.e.t.ThreadPool] absolute clock went backwards by [709ms/709ms] while timer thread was sleeping
2025.06.11 05:05:58 WARN  es[][o.e.t.ThreadPool] absolute clock went backwards by [699ms/699ms] while timer thread was sleeping
2025.06.11 05:06:29 WARN  es[][o.e.t.ThreadPool] absolute clock went backwards by [709ms/709ms] while timer thread was sleeping
2025.06.11 05:07:00 WARN  es[][o.e.t.ThreadPool] absolute clock went backwards by [808ms/808ms] while timer thread was sleeping
2025.06.11 05:07:31 WARN  es[][o.e.t.ThreadPool] absolute clock went backwards by [729ms/729ms] while timer thread was sleeping
2025.06.11 05:08:03 WARN  es[][o.e.t.ThreadPool] absolute clock went backwards by [759ms/759ms] while timer thread was sleeping
2025.06.11 05:08:34 WARN  es[][o.e.t.ThreadPool] absolute clock went backwards by [806ms/806ms] while timer thread was sleeping
2025.06.11 05:09:05 WARN  es[][o.e.t.ThreadPool] absolute clock went backwards by [828ms/828ms] while timer thread was sleeping
2025.06.11 05:09:36 WARN  es[][o.e.t.ThreadPool] absolute clock went backwards by [797ms/797ms] while timer thread was sleeping
2025.06.11 05:10:08 WARN  es[][o.e.t.ThreadPool] absolute clock went backwards by [735ms/735ms] while timer thread was sleeping
2025.06.11 05:10:39 WARN  es[][o.e.t.ThreadPool] absolute clock went backwards by [752ms/752ms] while timer thread was sleeping
2025.06.11 05:11:10 WARN  es[][o.e.t.ThreadPool] absolute clock went backwards by [752ms/752ms] while timer thread was sleeping
2025.06.11 05:11:42 WARN  es[][o.e.t.ThreadPool] absolute clock went backwards by [758ms/758ms] while timer thread was sleeping
